[36mvite v8.1.5 [32mbuilding client environment for production...[36m[39m
[2K
transforming...Γ£ô 1826 modules transformed.
node.exe : [31mΓ£ù[39m Build failed in 863ms
At line:1 char:1
+ & "C:\Program Files\nodejs/node.exe" "C:\Users\shivani\AppData\Roamin ...
+ ~~~~~~~~~~~~~~~~~~~~~~~~~~~~~~~~~~~~~~~~~~~~~~~~~~~~~~~~~~~~~~~~~~~~~
    + CategoryInfo          : NotSpecified: ([31mΓ£ù[39m Build failed in 863 
   ms:String) [], RemoteException
    + FullyQualifiedErrorId : NativeCommandError
 
[31merror during build:
[31mBuild failed with 2 errors:

[31m[builtin:vite-transform] [0mExpected corresponding JSX closing tag for 
'div'.
    [38;5;246mΓò¡[0m[38;5;246mΓöÇ[0m[38;5;246m[[0m 
src/components/TailorCard.jsx:21:11 [38;5;246m][0m
    [38;5;246mΓöé[0m
 [38;5;246m12 Γöé[0m [38;5;249m [0m[38;5;249m [0m[38;5;249m 
[0m[38;5;249m [0m[38;5;249m<[0mdiv[38;5;249m [0m[38;5;249mc[0m[38;5;2
49ml[0m[38;5;249ma[0m[38;5;249ms[0m[38;5;249ms[0m[38;5;249mN[0m[38;5;
249ma[0m[38;5;249mm[0m[38;5;249me[0m[38;5;249m=[0m[38;5;249m"[0m[38;5
;249mr[0m[38;5;249me[0m[38;5;249ml[0m[38;5;249ma[0m[38;5;249mt[0m[38;
5;249mi[0m[38;5;249mv[0m[38;5;249me[0m[38;5;249m [0m[38;5;249mo[0m[38
;5;249mv[0m[38;5;249me[0m[38;5;249mr[0m[38;5;249mf[0m[38;5;249ml[0m[3
8;5;249mo[0m[38;5;249mw[0m[38;5;249m-[0m[38;5;249mh[0m[38;5;249mi[0m[
38;5;249md[0m[38;5;249md[0m[38;5;249me[0m[38;5;249mn[0m[38;5;249m [0m
[38;5;249mr[0m[38;5;249mo[0m[38;5;249mu[0m[38;5;249mn[0m[38;5;249md[0m
[38;5;249me[0m[38;5;249md[0m[38;5;249m-[0m[38;5;249m3[0m[38;5;249mx[0
m[38;5;249ml[0m[38;5;249m"[0m[38;5;249m>[0m
 [38;5;240m   Γöé[0m      ΓöÇΓö¼ΓöÇ  
 [38;5;240m   Γöé[0m       Γò░ΓöÇΓöÇΓöÇ Opened here
 [38;5;240m   Γöé[0m 
 [38;5;246m21 Γöé[0m [38;5;249m [0m[38;5;249m [0m[38;5;249m 
[0m[38;5;249m [0m[38;5;249m [0m[38;5;249m [0m[38;5;249m 
[0m[38;5;249m [0m[38;5;249m<[0m[38;5;249m/[0mp[38;5;249m>[0m
 [38;5;240m   Γöé[0m           Γö¼  
 [38;5;240m   Γöé[0m           Γò░ΓöÇΓöÇ Expected `</div>`
[38;5;246mΓöÇΓöÇΓöÇΓöÇΓò»[0m

[31m[builtin:vite-transform] [0mAdjacent JSX elements must be wrapped in an 
enclosing tag.
    [38;5;246mΓò¡[0m[38;5;246mΓöÇ[0m[38;5;246m[[0m 
src/components/TailorCard.jsx:23:9 [38;5;246m][0m
    [38;5;246mΓöé[0m
 [38;5;246m23 Γöé[0m [38;5;249m [0m[38;5;249m [0m[38;5;249m 
[0m[38;5;249m [0m[38;5;249m [0m[38;5;249m [0m[38;5;249m 
[0m[38;5;249m [0m<[38;5;249mb[0m[38;5;249mu[0m[38;5;249mt[0m[38;5;249
mt[0m[38;5;249mo[0m[38;5;249mn[0m
 [38;5;240m   Γöé[0m         Γö¼  
 [38;5;240m   Γöé[0m         Γò░ΓöÇΓöÇ 
 [38;5;240m   Γöé[0m 
 [38;5;240m   Γöé[0m [38;5;115mHelp[0m: Did you want a JSX fragment 
`<>...</>`?
[38;5;246mΓöÇΓöÇΓöÇΓöÇΓò»[0m
[31m
    at aggregateBindingErrorsIntoJsError (file:///D:/shivam/projects/bassingmen
t/client/node_modules/rolldown/dist/shared/error-BHRSI0R7.mjs:48:18)
    at unwrapBindingResult (file:///D:/shivam/projects/bassingment/client/node_
modules/rolldown/dist/shared/error-BHRSI0R7.mjs:18:128)
    at #build (file:///D:/shivam/projects/bassingment/client/node_modules/rolld
own/dist/shared/rolldown-build-CtPvmZgJ.mjs:3276:34)
    at async buildEnvironment (file:///D:/shivam/projects/bassingment/client/no
de_modules/vite/dist/node/chunks/node.js:33061:66)
    at async Object.build (file:///D:/shivam/projects/bassingment/client/node_m
odules/vite/dist/node/chunks/node.js:33483:19)
    at async Object.buildApp (file:///D:/shivam/projects/bassingment/client/nod
e_modules/vite/dist/node/chunks/node.js:33480:153)
    at async CAC.<anonymous> (file:///D:/shivam/projects/bassingment/client/nod
e_modules/vite/dist/node/cli.js:776:3) {
  errors: [Getter/Setter]
}[39m
